// Jest Snapshot v1, https://goo.gl/fbAQLP

exports[`AboutView.vue Genera un snapshot de la vista AboutView 1`] = `
<div>
  <h2>About</h2>
  <p>Definitivamente esto es el about</p>
</div>
`;
